flutter : Support for 
Android x86 targets will 
be removed in the next 
stable release after 3.27. 
See https://github.com/flut
ter/flutter/issues/157543 
for details.
At line:1 char:1
+ flutter build apk 
--debug > build_output.txt 
2>&1
+ ~~~~~~~~~~~~~~~~~~~~~~~~~
~~~~~~~~~~~~~~~~~~~~~~~~
    + CategoryInfo         
     : NotSpecified: (Sup  
  port for And...43 for    
 details.:String) [], R    
emoteException
    + FullyQualifiedErrorI 
   d : NativeCommandError
 
Running Gradle task 'assembleDebug'...                          

FAILURE: Build failed with 
an exception.

* What went wrong:
Execution failed for task '
:app:parseDebugLocalResourc
es'.
> Could not resolve all 
files for configuration 
':app:androidApis'.
   > Failed to transform 
android.jar to match 
attributes {artifactType=an
droid-platform-attr, org.gr
adle.libraryelements=jar, o
rg.gradle.usage=java-runtim
e}.
      > Execution failed 
for PlatformAttrTransform: 
C:\Users\Adithya Naik\AppDa
ta\Local\Android\sdk\platfo
rms\android-36\android.jar.
         > ZipFile invalid 
LOC header (bad signature)

* Try:
> Run with --stacktrace 
option to get the stack 
trace.
> Run with --info or 
--debug option to get more 
log output.
> Run with --scan to get 
full insights.
> Get more help at 
https://help.gradle.org.

BUILD FAILED in 7s
Running Gradle task 'assembleDebug'...                              7.9s
Gradle task assembleDebug 
failed with exit code 1
